2025-11-05 01:03:34 [main] INFO  c.c.chatbot.AiChatbotApplication - Starting AiChatbotApplication using Java 25 with PID 21619 (/home/stefan/Documenten/web-development/001chatbot-java-spring-ai/target/classes started by stefan in /home/stefan/Documenten/web-development/001chatbot-java-spring-ai)
2025-11-05 01:03:34 [main] DEBUG c.c.chatbot.AiChatbotApplication - Running with Spring Boot v3.2.0, Spring v6.1.1
2025-11-05 01:03:34 [main] INFO  c.c.chatbot.AiChatbotApplication - No active profile set, falling back to 1 default profile: "default"
2025-11-05 01:03:35 [main] INFO  o.s.d.r.c.RepositoryConfigurationDelegate - Bootstrapping Spring Data JPA repositories in DEFAULT mode.
2025-11-05 01:03:35 [main] INFO  o.s.d.r.c.RepositoryConfigurationDelegate - Finished Spring Data repository scanning in 124 ms. Found 4 JPA repository interfaces.
2025-11-05 01:03:36 [main] INFO  o.s.b.w.e.tomcat.TomcatWebServer - Tomcat initialized with port 8080 (http)
2025-11-05 01:03:36 [main] INFO  o.a.catalina.core.StandardService - Starting service [Tomcat]
2025-11-05 01:03:36 [main] INFO  o.a.catalina.core.StandardEngine - Starting Servlet engine: [Apache Tomcat/10.1.16]
2025-11-05 01:03:36 [main] INFO  o.a.c.c.C.[Tomcat].[localhost].[/] - Initializing Spring embedded WebApplicationContext
2025-11-05 01:03:36 [main] INFO  o.s.b.w.s.c.ServletWebServerApplicationContext - Root WebApplicationContext: initialization completed in 1399 ms
2025-11-05 01:03:36 [main] INFO  com.zaxxer.hikari.HikariDataSource - HikariPool-1 - Starting...
2025-11-05 01:03:36 [main] INFO  com.zaxxer.hikari.pool.HikariPool - HikariPool-1 - Added connection conn0: url=jdbc:h2:mem:chatbotdb user=SA
2025-11-05 01:03:36 [main] INFO  com.zaxxer.hikari.HikariDataSource - HikariPool-1 - Start completed.
2025-11-05 01:03:36 [main] INFO  o.s.b.a.h.H2ConsoleAutoConfiguration - H2 console available at '/h2-console'. Database available at 'jdbc:h2:mem:chatbotdb'
2025-11-05 01:03:36 [main] INFO  o.h.jpa.internal.util.LogHelper - HHH000204: Processing PersistenceUnitInfo [name: default]
2025-11-05 01:03:36 [main] INFO  org.hibernate.Version - HHH000412: Hibernate ORM core version 6.3.1.Final
2025-11-05 01:03:36 [main] INFO  o.h.c.i.RegionFactoryInitiator - HHH000026: Second-level cache disabled
2025-11-05 01:03:37 [main] INFO  o.s.o.j.p.SpringPersistenceUnitInfo - No LoadTimeWeaver setup: ignoring JPA class transformer
2025-11-05 01:03:38 [main] INFO  o.h.e.t.j.p.i.JtaPlatformInitiator - HHH000489: No JTA platform available (set 'hibernate.transaction.jta.platform' to enable JTA platform integration)
2025-11-05 01:03:38 [main] INFO  o.s.o.j.LocalContainerEntityManagerFactoryBean - Initialized JPA EntityManagerFactory for persistence unit 'default'
2025-11-05 01:03:38 [main] WARN  o.s.b.w.s.c.AnnotationConfigServletWebServerApplicationContext - Exception encountered during context initialization - cancelling refresh attempt: org.springframework.beans.factory.UnsatisfiedDependencyException: Error creating bean with name 'chatController' defined in file [/home/stefan/Documenten/web-development/001chatbot-java-spring-ai/target/classes/com/chatweave/chatbot/controller/ChatController.class]: Unsatisfied dependency expressed through constructor parameter 0: Error creating bean with name 'aiChatbotService' defined in file [/home/stefan/Documenten/web-development/001chatbot-java-spring-ai/target/classes/com/chatweave/chatbot/service/AiChatbotService.class]: Unsatisfied dependency expressed through constructor parameter 1: Error creating bean with name 'vectorStore' defined in class path resource [org/springframework/ai/autoconfigure/vectorstore/pinecone/PineconeVectorStoreAutoConfiguration.class]: Failed to instantiate [org.springframework.ai.vectorstore.PineconeVectorStore]: Factory method 'vectorStore' threw exception with message: Cannot connect with indexName chatbot-vectors unless PineconeClientConfig contains projectName and environment
2025-11-05 01:03:38 [main] INFO  o.s.o.j.LocalContainerEntityManagerFactoryBean - Closing JPA EntityManagerFactory for persistence unit 'default'
2025-11-05 01:03:38 [main] INFO  com.zaxxer.hikari.HikariDataSource - HikariPool-1 - Shutdown initiated...
2025-11-05 01:03:38 [main] INFO  com.zaxxer.hikari.HikariDataSource - HikariPool-1 - Shutdown completed.
2025-11-05 01:03:38 [main] INFO  o.a.catalina.core.StandardService - Stopping service [Tomcat]
2025-11-05 01:03:38 [main] INFO  o.s.b.a.l.ConditionEvaluationReportLogger - 

Error starting ApplicationContext. To display the condition evaluation report re-run your application with 'debug' enabled.
2025-11-05 01:03:38 [main] ERROR o.s.boot.SpringApplication - Application run failed
org.springframework.beans.factory.UnsatisfiedDependencyException: Error creating bean with name 'chatController' defined in file [/home/stefan/Documenten/web-development/001chatbot-java-spring-ai/target/classes/com/chatweave/chatbot/controller/ChatController.class]: Unsatisfied dependency expressed through constructor parameter 0: Error creating bean with name 'aiChatbotService' defined in file [/home/stefan/Documenten/web-development/001chatbot-java-spring-ai/target/classes/com/chatweave/chatbot/service/AiChatbotService.class]: Unsatisfied dependency expressed through constructor parameter 1: Error creating bean with name 'vectorStore' defined in class path resource [org/springframework/ai/autoconfigure/vectorstore/pinecone/PineconeVectorStoreAutoConfiguration.class]: Failed to instantiate [org.springframework.ai.vectorstore.PineconeVectorStore]: Factory method 'vectorStore' threw exception with message: Cannot connect with indexName chatbot-vectors unless PineconeClientConfig contains projectName and environment
	at org.springframework.beans.factory.support.ConstructorResolver.createArgumentArray(ConstructorResolver.java:802)
	at org.springframework.beans.factory.support.ConstructorResolver.autowireConstructor(ConstructorResolver.java:241)
	at org.springframework.beans.factory.support.AbstractAutowireCapableBeanFactory.autowireConstructor(AbstractAutowireCapableBeanFactory.java:1356)
	at org.springframework.beans.factory.support.AbstractAutowireCapableBeanFactory.createBeanInstance(AbstractAutowireCapableBeanFactory.java:1193)
	at org.springframework.beans.factory.support.AbstractAutowireCapableBeanFactory.doCreateBean(AbstractAutowireCapableBeanFactory.java:563)
	at org.springframework.beans.factory.support.AbstractAutowireCapableBeanFactory.createBean(AbstractAutowireCapableBeanFactory.java:523)
	at org.springframework.beans.factory.support.AbstractBeanFactory.lambda$doGetBean$0(AbstractBeanFactory.java:325)
	at org.springframework.beans.factory.support.DefaultSingletonBeanRegistry.getSingleton(DefaultSingletonBeanRegistry.java:234)
	at org.springframework.beans.factory.support.AbstractBeanFactory.doGetBean(AbstractBeanFactory.java:323)
	at org.springframework.beans.factory.support.AbstractBeanFactory.getBean(AbstractBeanFactory.java:199)
	at org.springframework.beans.factory.support.DefaultListableBeanFactory.preInstantiateSingletons(DefaultListableBeanFactory.java:973)
	at org.springframework.context.support.AbstractApplicationContext.finishBeanFactoryInitialization(AbstractApplicationContext.java:946)
	at org.springframework.context.support.AbstractApplicationContext.refresh(AbstractApplicationContext.java:616)
	at org.springframework.boot.web.servlet.context.ServletWebServerApplicationContext.refresh(ServletWebServerApplicationContext.java:146)
	at org.springframework.boot.SpringApplication.refresh(SpringApplication.java:753)
	at org.springframework.boot.SpringApplication.refreshContext(SpringApplication.java:455)
	at org.springframework.boot.SpringApplication.run(SpringApplication.java:323)
	at org.springframework.boot.SpringApplication.run(SpringApplication.java:1342)
	at org.springframework.boot.SpringApplication.run(SpringApplication.java:1331)
	at com.chatweave.chatbot.AiChatbotApplication.main(AiChatbotApplication.java:27)
Caused by: org.springframework.beans.factory.UnsatisfiedDependencyException: Error creating bean with name 'aiChatbotService' defined in file [/home/stefan/Documenten/web-development/001chatbot-java-spring-ai/target/classes/com/chatweave/chatbot/service/AiChatbotService.class]: Unsatisfied dependency expressed through constructor parameter 1: Error creating bean with name 'vectorStore' defined in class path resource [org/springframework/ai/autoconfigure/vectorstore/pinecone/PineconeVectorStoreAutoConfiguration.class]: Failed to instantiate [org.springframework.ai.vectorstore.PineconeVectorStore]: Factory method 'vectorStore' threw exception with message: Cannot connect with indexName chatbot-vectors unless PineconeClientConfig contains projectName and environment
	at org.springframework.beans.factory.support.ConstructorResolver.createArgumentArray(ConstructorResolver.java:802)
	at org.springframework.beans.factory.support.ConstructorResolver.autowireConstructor(ConstructorResolver.java:241)
	at org.springframework.beans.factory.support.AbstractAutowireCapableBeanFactory.autowireConstructor(AbstractAutowireCapableBeanFactory.java:1356)
	at org.springframework.beans.factory.support.AbstractAutowireCapableBeanFactory.createBeanInstance(AbstractAutowireCapableBeanFactory.java:1193)
	at org.springframework.beans.factory.support.AbstractAutowireCapableBeanFactory.doCreateBean(AbstractAutowireCapableBeanFactory.java:563)
	at org.springframework.beans.factory.support.AbstractAutowireCapableBeanFactory.createBean(AbstractAutowireCapableBeanFactory.java:523)
	at org.springframework.beans.factory.support.AbstractBeanFactory.lambda$doGetBean$0(AbstractBeanFactory.java:325)
	at org.springframework.beans.factory.support.DefaultSingletonBeanRegistry.getSingleton(DefaultSingletonBeanRegistry.java:234)
	at org.springframework.beans.factory.support.AbstractBeanFactory.doGetBean(AbstractBeanFactory.java:323)
	at org.springframework.beans.factory.support.AbstractBeanFactory.getBean(AbstractBeanFactory.java:199)
	at org.springframework.beans.factory.config.DependencyDescriptor.resolveCandidate(DependencyDescriptor.java:254)
	at org.springframework.beans.factory.support.DefaultListableBeanFactory.doResolveDependency(DefaultListableBeanFactory.java:1441)
	at org.springframework.beans.factory.support.DefaultListableBeanFactory.resolveDependency(DefaultListableBeanFactory.java:1348)
	at org.springframework.beans.factory.support.ConstructorResolver.resolveAutowiredArgument(ConstructorResolver.java:911)
	at org.springframework.beans.factory.support.ConstructorResolver.createArgumentArray(ConstructorResolver.java:789)
	... 19 common frames omitted
Caused by: org.springframework.beans.factory.BeanCreationException: Error creating bean with name 'vectorStore' defined in class path resource [org/springframework/ai/autoconfigure/vectorstore/pinecone/PineconeVectorStoreAutoConfiguration.class]: Failed to instantiate [org.springframework.ai.vectorstore.PineconeVectorStore]: Factory method 'vectorStore' threw exception with message: Cannot connect with indexName chatbot-vectors unless PineconeClientConfig contains projectName and environment
	at org.springframework.beans.factory.support.ConstructorResolver.instantiate(ConstructorResolver.java:655)
	at org.springframework.beans.factory.support.ConstructorResolver.instantiateUsingFactoryMethod(ConstructorResolver.java:643)
	at org.springframework.beans.factory.support.AbstractAutowireCapableBeanFactory.instantiateUsingFactoryMethod(AbstractAutowireCapableBeanFactory.java:1336)
	at org.springframework.beans.factory.support.AbstractAutowireCapableBeanFactory.createBeanInstance(AbstractAutowireCapableBeanFactory.java:1166)
	at org.springframework.beans.factory.support.AbstractAutowireCapableBeanFactory.doCreateBean(AbstractAutowireCapableBeanFactory.java:563)
	at org.springframework.beans.factory.support.AbstractAutowireCapableBeanFactory.createBean(AbstractAutowireCapableBeanFactory.java:523)
	at org.springframework.beans.factory.support.AbstractBeanFactory.lambda$doGetBean$0(AbstractBeanFactory.java:325)
	at org.springframework.beans.factory.support.DefaultSingletonBeanRegistry.getSingleton(DefaultSingletonBeanRegistry.java:234)
	at org.springframework.beans.factory.support.AbstractBeanFactory.doGetBean(AbstractBeanFactory.java:323)
	at org.springframework.beans.factory.support.AbstractBeanFactory.getBean(AbstractBeanFactory.java:199)
	at org.springframework.beans.factory.config.DependencyDescriptor.resolveCandidate(DependencyDescriptor.java:254)
	at org.springframework.beans.factory.support.DefaultListableBeanFactory.doResolveDependency(DefaultListableBeanFactory.java:1441)
	at org.springframework.beans.factory.support.DefaultListableBeanFactory.resolveDependency(DefaultListableBeanFactory.java:1348)
	at org.springframework.beans.factory.support.ConstructorResolver.resolveAutowiredArgument(ConstructorResolver.java:911)
	at org.springframework.beans.factory.support.ConstructorResolver.createArgumentArray(ConstructorResolver.java:789)
	... 33 common frames omitted
Caused by: org.springframework.beans.BeanInstantiationException: Failed to instantiate [org.springframework.ai.vectorstore.PineconeVectorStore]: Factory method 'vectorStore' threw exception with message: Cannot connect with indexName chatbot-vectors unless PineconeClientConfig contains projectName and environment
	at org.springframework.beans.factory.support.SimpleInstantiationStrategy.instantiate(SimpleInstantiationStrategy.java:178)
	at org.springframework.beans.factory.support.ConstructorResolver.instantiate(ConstructorResolver.java:651)
	... 47 common frames omitted
Caused by: io.pinecone.exceptions.PineconeValidationException: Cannot connect with indexName chatbot-vectors unless PineconeClientConfig contains projectName and environment
	at io.pinecone.PineconeConnection.validateConfigs(PineconeConnection.java:147)
	at io.pinecone.PineconeConnection.<init>(PineconeConnection.java:42)
	at io.pinecone.PineconeClient.connect(PineconeClient.java:39)
	at org.springframework.ai.vectorstore.PineconeVectorStore.<init>(PineconeVectorStore.java:116)
	at org.springframework.ai.autoconfigure.vectorstore.pinecone.PineconeVectorStoreAutoConfiguration.vectorStore(PineconeVectorStoreAutoConfiguration.java:71)
	at java.base/jdk.internal.reflect.DirectMethodHandleAccessor.invoke(DirectMethodHandleAccessor.java:104)
	at java.base/java.lang.reflect.Method.invoke(Method.java:565)
	at org.springframework.beans.factory.support.SimpleInstantiationStrategy.instantiate(SimpleInstantiationStrategy.java:140)
	... 48 common frames omitted
2025-11-05 01:04:31 [main] INFO  c.c.chatbot.AiChatbotApplication - Starting AiChatbotApplication using Java 25 with PID 22462 (/home/stefan/Documenten/web-development/001chatbot-java-spring-ai/target/classes started by stefan in /home/stefan/Documenten/web-development/001chatbot-java-spring-ai)
2025-11-05 01:04:31 [main] DEBUG c.c.chatbot.AiChatbotApplication - Running with Spring Boot v3.2.0, Spring v6.1.1
2025-11-05 01:04:31 [main] INFO  c.c.chatbot.AiChatbotApplication - No active profile set, falling back to 1 default profile: "default"
2025-11-05 01:04:32 [main] INFO  o.s.d.r.c.RepositoryConfigurationDelegate - Bootstrapping Spring Data JPA repositories in DEFAULT mode.
2025-11-05 01:04:32 [main] INFO  o.s.d.r.c.RepositoryConfigurationDelegate - Finished Spring Data repository scanning in 127 ms. Found 4 JPA repository interfaces.
2025-11-05 01:04:32 [main] INFO  o.s.b.w.e.tomcat.TomcatWebServer - Tomcat initialized with port 8080 (http)
2025-11-05 01:04:32 [main] INFO  o.a.catalina.core.StandardService - Starting service [Tomcat]
2025-11-05 01:04:32 [main] INFO  o.a.catalina.core.StandardEngine - Starting Servlet engine: [Apache Tomcat/10.1.16]
2025-11-05 01:04:33 [main] INFO  o.a.c.c.C.[Tomcat].[localhost].[/] - Initializing Spring embedded WebApplicationContext
2025-11-05 01:04:33 [main] INFO  o.s.b.w.s.c.ServletWebServerApplicationContext - Root WebApplicationContext: initialization completed in 1325 ms
2025-11-05 01:04:33 [main] INFO  com.zaxxer.hikari.HikariDataSource - HikariPool-1 - Starting...
2025-11-05 01:04:33 [main] INFO  com.zaxxer.hikari.pool.HikariPool - HikariPool-1 - Added connection conn0: url=jdbc:h2:mem:chatbotdb user=SA
2025-11-05 01:04:33 [main] INFO  com.zaxxer.hikari.HikariDataSource - HikariPool-1 - Start completed.
2025-11-05 01:04:33 [main] INFO  o.s.b.a.h.H2ConsoleAutoConfiguration - H2 console available at '/h2-console'. Database available at 'jdbc:h2:mem:chatbotdb'
2025-11-05 01:04:33 [main] INFO  o.h.jpa.internal.util.LogHelper - HHH000204: Processing PersistenceUnitInfo [name: default]
2025-11-05 01:04:33 [main] INFO  org.hibernate.Version - HHH000412: Hibernate ORM core version 6.3.1.Final
2025-11-05 01:04:33 [main] INFO  o.h.c.i.RegionFactoryInitiator - HHH000026: Second-level cache disabled
2025-11-05 01:04:33 [main] INFO  o.s.o.j.p.SpringPersistenceUnitInfo - No LoadTimeWeaver setup: ignoring JPA class transformer
2025-11-05 01:04:34 [main] INFO  o.h.e.t.j.p.i.JtaPlatformInitiator - HHH000489: No JTA platform available (set 'hibernate.transaction.jta.platform' to enable JTA platform integration)
2025-11-05 01:04:34 [main] INFO  o.s.o.j.LocalContainerEntityManagerFactoryBean - Initialized JPA EntityManagerFactory for persistence unit 'default'
2025-11-05 01:04:35 [main] WARN  o.s.b.w.s.c.AnnotationConfigServletWebServerApplicationContext - Exception encountered during context initialization - cancelling refresh attempt: org.springframework.beans.factory.UnsatisfiedDependencyException: Error creating bean with name 'chatController' defined in file [/home/stefan/Documenten/web-development/001chatbot-java-spring-ai/target/classes/com/chatweave/chatbot/controller/ChatController.class]: Unsatisfied dependency expressed through constructor parameter 0: Error creating bean with name 'aiChatbotService' defined in file [/home/stefan/Documenten/web-development/001chatbot-java-spring-ai/target/classes/com/chatweave/chatbot/service/AiChatbotService.class]: Unsatisfied dependency expressed through constructor parameter 1: Error creating bean with name 'vectorStore' defined in class path resource [org/springframework/ai/autoconfigure/vectorstore/pinecone/PineconeVectorStoreAutoConfiguration.class]: Failed to instantiate [org.springframework.ai.vectorstore.PineconeVectorStore]: Factory method 'vectorStore' threw exception with message: Cannot connect with indexName chatbot-vectors unless PineconeClientConfig contains projectName and environment
2025-11-05 01:04:35 [main] INFO  o.s.o.j.LocalContainerEntityManagerFactoryBean - Closing JPA EntityManagerFactory for persistence unit 'default'
2025-11-05 01:04:35 [main] INFO  com.zaxxer.hikari.HikariDataSource - HikariPool-1 - Shutdown initiated...
2025-11-05 01:04:35 [main] INFO  com.zaxxer.hikari.HikariDataSource - HikariPool-1 - Shutdown completed.
2025-11-05 01:04:35 [main] INFO  o.a.catalina.core.StandardService - Stopping service [Tomcat]
2025-11-05 01:04:35 [main] INFO  o.s.b.a.l.ConditionEvaluationReportLogger - 

Error starting ApplicationContext. To display the condition evaluation report re-run your application with 'debug' enabled.
2025-11-05 01:04:35 [main] ERROR o.s.boot.SpringApplication - Application run failed
org.springframework.beans.factory.UnsatisfiedDependencyException: Error creating bean with name 'chatController' defined in file [/home/stefan/Documenten/web-development/001chatbot-java-spring-ai/target/classes/com/chatweave/chatbot/controller/ChatController.class]: Unsatisfied dependency expressed through constructor parameter 0: Error creating bean with name 'aiChatbotService' defined in file [/home/stefan/Documenten/web-development/001chatbot-java-spring-ai/target/classes/com/chatweave/chatbot/service/AiChatbotService.class]: Unsatisfied dependency expressed through constructor parameter 1: Error creating bean with name 'vectorStore' defined in class path resource [org/springframework/ai/autoconfigure/vectorstore/pinecone/PineconeVectorStoreAutoConfiguration.class]: Failed to instantiate [org.springframework.ai.vectorstore.PineconeVectorStore]: Factory method 'vectorStore' threw exception with message: Cannot connect with indexName chatbot-vectors unless PineconeClientConfig contains projectName and environment
	at org.springframework.beans.factory.support.ConstructorResolver.createArgumentArray(ConstructorResolver.java:802)
	at org.springframework.beans.factory.support.ConstructorResolver.autowireConstructor(ConstructorResolver.java:241)
	at org.springframework.beans.factory.support.AbstractAutowireCapableBeanFactory.autowireConstructor(AbstractAutowireCapableBeanFactory.java:1356)
	at org.springframework.beans.factory.support.AbstractAutowireCapableBeanFactory.createBeanInstance(AbstractAutowireCapableBeanFactory.java:1193)
	at org.springframework.beans.factory.support.AbstractAutowireCapableBeanFactory.doCreateBean(AbstractAutowireCapableBeanFactory.java:563)
	at org.springframework.beans.factory.support.AbstractAutowireCapableBeanFactory.createBean(AbstractAutowireCapableBeanFactory.java:523)
	at org.springframework.beans.factory.support.AbstractBeanFactory.lambda$doGetBean$0(AbstractBeanFactory.java:325)
	at org.springframework.beans.factory.support.DefaultSingletonBeanRegistry.getSingleton(DefaultSingletonBeanRegistry.java:234)
	at org.springframework.beans.factory.support.AbstractBeanFactory.doGetBean(AbstractBeanFactory.java:323)
	at org.springframework.beans.factory.support.AbstractBeanFactory.getBean(AbstractBeanFactory.java:199)
	at org.springframework.beans.factory.support.DefaultListableBeanFactory.preInstantiateSingletons(DefaultListableBeanFactory.java:973)
	at org.springframework.context.support.AbstractApplicationContext.finishBeanFactoryInitialization(AbstractApplicationContext.java:946)
	at org.springframework.context.support.AbstractApplicationContext.refresh(AbstractApplicationContext.java:616)
	at org.springframework.boot.web.servlet.context.ServletWebServerApplicationContext.refresh(ServletWebServerApplicationContext.java:146)
	at org.springframework.boot.SpringApplication.refresh(SpringApplication.java:753)
	at org.springframework.boot.SpringApplication.refreshContext(SpringApplication.java:455)
	at org.springframework.boot.SpringApplication.run(SpringApplication.java:323)
	at org.springframework.boot.SpringApplication.run(SpringApplication.java:1342)
	at org.springframework.boot.SpringApplication.run(SpringApplication.java:1331)
	at com.chatweave.chatbot.AiChatbotApplication.main(AiChatbotApplication.java:27)
Caused by: org.springframework.beans.factory.UnsatisfiedDependencyException: Error creating bean with name 'aiChatbotService' defined in file [/home/stefan/Documenten/web-development/001chatbot-java-spring-ai/target/classes/com/chatweave/chatbot/service/AiChatbotService.class]: Unsatisfied dependency expressed through constructor parameter 1: Error creating bean with name 'vectorStore' defined in class path resource [org/springframework/ai/autoconfigure/vectorstore/pinecone/PineconeVectorStoreAutoConfiguration.class]: Failed to instantiate [org.springframework.ai.vectorstore.PineconeVectorStore]: Factory method 'vectorStore' threw exception with message: Cannot connect with indexName chatbot-vectors unless PineconeClientConfig contains projectName and environment
	at org.springframework.beans.factory.support.ConstructorResolver.createArgumentArray(ConstructorResolver.java:802)
	at org.springframework.beans.factory.support.ConstructorResolver.autowireConstructor(ConstructorResolver.java:241)
	at org.springframework.beans.factory.support.AbstractAutowireCapableBeanFactory.autowireConstructor(AbstractAutowireCapableBeanFactory.java:1356)
	at org.springframework.beans.factory.support.AbstractAutowireCapableBeanFactory.createBeanInstance(AbstractAutowireCapableBeanFactory.java:1193)
	at org.springframework.beans.factory.support.AbstractAutowireCapableBeanFactory.doCreateBean(AbstractAutowireCapableBeanFactory.java:563)
	at org.springframework.beans.factory.support.AbstractAutowireCapableBeanFactory.createBean(AbstractAutowireCapableBeanFactory.java:523)
	at org.springframework.beans.factory.support.AbstractBeanFactory.lambda$doGetBean$0(AbstractBeanFactory.java:325)
	at org.springframework.beans.factory.support.DefaultSingletonBeanRegistry.getSingleton(DefaultSingletonBeanRegistry.java:234)
	at org.springframework.beans.factory.support.AbstractBeanFactory.doGetBean(AbstractBeanFactory.java:323)
	at org.springframework.beans.factory.support.AbstractBeanFactory.getBean(AbstractBeanFactory.java:199)
	at org.springframework.beans.factory.config.DependencyDescriptor.resolveCandidate(DependencyDescriptor.java:254)
	at org.springframework.beans.factory.support.DefaultListableBeanFactory.doResolveDependency(DefaultListableBeanFactory.java:1441)
	at org.springframework.beans.factory.support.DefaultListableBeanFactory.resolveDependency(DefaultListableBeanFactory.java:1348)
	at org.springframework.beans.factory.support.ConstructorResolver.resolveAutowiredArgument(ConstructorResolver.java:911)
	at org.springframework.beans.factory.support.ConstructorResolver.createArgumentArray(ConstructorResolver.java:789)
	... 19 common frames omitted
Caused by: org.springframework.beans.factory.BeanCreationException: Error creating bean with name 'vectorStore' defined in class path resource [org/springframework/ai/autoconfigure/vectorstore/pinecone/PineconeVectorStoreAutoConfiguration.class]: Failed to instantiate [org.springframework.ai.vectorstore.PineconeVectorStore]: Factory method 'vectorStore' threw exception with message: Cannot connect with indexName chatbot-vectors unless PineconeClientConfig contains projectName and environment
	at org.springframework.beans.factory.support.ConstructorResolver.instantiate(ConstructorResolver.java:655)
	at org.springframework.beans.factory.support.ConstructorResolver.instantiateUsingFactoryMethod(ConstructorResolver.java:643)
	at org.springframework.beans.factory.support.AbstractAutowireCapableBeanFactory.instantiateUsingFactoryMethod(AbstractAutowireCapableBeanFactory.java:1336)
	at org.springframework.beans.factory.support.AbstractAutowireCapableBeanFactory.createBeanInstance(AbstractAutowireCapableBeanFactory.java:1166)
	at org.springframework.beans.factory.support.AbstractAutowireCapableBeanFactory.doCreateBean(AbstractAutowireCapableBeanFactory.java:563)
	at org.springframework.beans.factory.support.AbstractAutowireCapableBeanFactory.createBean(AbstractAutowireCapableBeanFactory.java:523)
	at org.springframework.beans.factory.support.AbstractBeanFactory.lambda$doGetBean$0(AbstractBeanFactory.java:325)
	at org.springframework.beans.factory.support.DefaultSingletonBeanRegistry.getSingleton(DefaultSingletonBeanRegistry.java:234)
	at org.springframework.beans.factory.support.AbstractBeanFactory.doGetBean(AbstractBeanFactory.java:323)
	at org.springframework.beans.factory.support.AbstractBeanFactory.getBean(AbstractBeanFactory.java:199)
	at org.springframework.beans.factory.config.DependencyDescriptor.resolveCandidate(DependencyDescriptor.java:254)
	at org.springframework.beans.factory.support.DefaultListableBeanFactory.doResolveDependency(DefaultListableBeanFactory.java:1441)
	at org.springframework.beans.factory.support.DefaultListableBeanFactory.resolveDependency(DefaultListableBeanFactory.java:1348)
	at org.springframework.beans.factory.support.ConstructorResolver.resolveAutowiredArgument(ConstructorResolver.java:911)
	at org.springframework.beans.factory.support.ConstructorResolver.createArgumentArray(ConstructorResolver.java:789)
	... 33 common frames omitted
Caused by: org.springframework.beans.BeanInstantiationException: Failed to instantiate [org.springframework.ai.vectorstore.PineconeVectorStore]: Factory method 'vectorStore' threw exception with message: Cannot connect with indexName chatbot-vectors unless PineconeClientConfig contains projectName and environment
	at org.springframework.beans.factory.support.SimpleInstantiationStrategy.instantiate(SimpleInstantiationStrategy.java:178)
	at org.springframework.beans.factory.support.ConstructorResolver.instantiate(ConstructorResolver.java:651)
	... 47 common frames omitted
Caused by: io.pinecone.exceptions.PineconeValidationException: Cannot connect with indexName chatbot-vectors unless PineconeClientConfig contains projectName and environment
	at io.pinecone.PineconeConnection.validateConfigs(PineconeConnection.java:147)
	at io.pinecone.PineconeConnection.<init>(PineconeConnection.java:42)
	at io.pinecone.PineconeClient.connect(PineconeClient.java:39)
	at org.springframework.ai.vectorstore.PineconeVectorStore.<init>(PineconeVectorStore.java:116)
	at org.springframework.ai.autoconfigure.vectorstore.pinecone.PineconeVectorStoreAutoConfiguration.vectorStore(PineconeVectorStoreAutoConfiguration.java:71)
	at java.base/jdk.internal.reflect.DirectMethodHandleAccessor.invoke(DirectMethodHandleAccessor.java:104)
	at java.base/java.lang.reflect.Method.invoke(Method.java:565)
	at org.springframework.beans.factory.support.SimpleInstantiationStrategy.instantiate(SimpleInstantiationStrategy.java:140)
	... 48 common frames omitted
2025-11-05 01:05:09 [main] INFO  c.c.chatbot.AiChatbotApplication - Starting AiChatbotApplication using Java 25 with PID 22985 (/home/stefan/Documenten/web-development/001chatbot-java-spring-ai/target/classes started by stefan in /home/stefan/Documenten/web-development/001chatbot-java-spring-ai)
2025-11-05 01:05:09 [main] DEBUG c.c.chatbot.AiChatbotApplication - Running with Spring Boot v3.2.0, Spring v6.1.1
2025-11-05 01:05:09 [main] INFO  c.c.chatbot.AiChatbotApplication - No active profile set, falling back to 1 default profile: "default"
2025-11-05 01:05:09 [main] INFO  o.s.d.r.c.RepositoryConfigurationDelegate - Bootstrapping Spring Data JPA repositories in DEFAULT mode.
2025-11-05 01:05:10 [main] INFO  o.s.d.r.c.RepositoryConfigurationDelegate - Finished Spring Data repository scanning in 120 ms. Found 4 JPA repository interfaces.
2025-11-05 01:05:10 [main] INFO  o.s.b.w.e.tomcat.TomcatWebServer - Tomcat initialized with port 8080 (http)
2025-11-05 01:05:10 [main] INFO  o.a.catalina.core.StandardService - Starting service [Tomcat]
2025-11-05 01:05:10 [main] INFO  o.a.catalina.core.StandardEngine - Starting Servlet engine: [Apache Tomcat/10.1.16]
2025-11-05 01:05:10 [main] INFO  o.a.c.c.C.[Tomcat].[localhost].[/] - Initializing Spring embedded WebApplicationContext
2025-11-05 01:05:10 [main] INFO  o.s.b.w.s.c.ServletWebServerApplicationContext - Root WebApplicationContext: initialization completed in 1322 ms
2025-11-05 01:05:10 [main] INFO  com.zaxxer.hikari.HikariDataSource - HikariPool-1 - Starting...
2025-11-05 01:05:10 [main] INFO  com.zaxxer.hikari.pool.HikariPool - HikariPool-1 - Added connection conn0: url=jdbc:h2:mem:chatbotdb user=SA
2025-11-05 01:05:10 [main] INFO  com.zaxxer.hikari.HikariDataSource - HikariPool-1 - Start completed.
2025-11-05 01:05:10 [main] INFO  o.s.b.a.h.H2ConsoleAutoConfiguration - H2 console available at '/h2-console'. Database available at 'jdbc:h2:mem:chatbotdb'
2025-11-05 01:05:10 [main] INFO  o.h.jpa.internal.util.LogHelper - HHH000204: Processing PersistenceUnitInfo [name: default]
2025-11-05 01:05:10 [main] INFO  org.hibernate.Version - HHH000412: Hibernate ORM core version 6.3.1.Final
2025-11-05 01:05:11 [main] INFO  o.h.c.i.RegionFactoryInitiator - HHH000026: Second-level cache disabled
2025-11-05 01:05:11 [main] INFO  o.s.o.j.p.SpringPersistenceUnitInfo - No LoadTimeWeaver setup: ignoring JPA class transformer
2025-11-05 01:05:12 [main] INFO  o.h.e.t.j.p.i.JtaPlatformInitiator - HHH000489: No JTA platform available (set 'hibernate.transaction.jta.platform' to enable JTA platform integration)
2025-11-05 01:05:12 [main] INFO  o.s.o.j.LocalContainerEntityManagerFactoryBean - Initialized JPA EntityManagerFactory for persistence unit 'default'
2025-11-05 01:05:12 [main] WARN  o.s.b.w.s.c.AnnotationConfigServletWebServerApplicationContext - Exception encountered during context initialization - cancelling refresh attempt: org.springframework.beans.factory.UnsatisfiedDependencyException: Error creating bean with name 'chatController' defined in file [/home/stefan/Documenten/web-development/001chatbot-java-spring-ai/target/classes/com/chatweave/chatbot/controller/ChatController.class]: Unsatisfied dependency expressed through constructor parameter 0: Error creating bean with name 'aiChatbotService' defined in file [/home/stefan/Documenten/web-development/001chatbot-java-spring-ai/target/classes/com/chatweave/chatbot/service/AiChatbotService.class]: Unsatisfied dependency expressed through constructor parameter 1: Error creating bean with name 'vectorStore' defined in class path resource [org/springframework/ai/autoconfigure/vectorstore/pinecone/PineconeVectorStoreAutoConfiguration.class]: Failed to instantiate [org.springframework.ai.vectorstore.PineconeVectorStore]: Factory method 'vectorStore' threw exception with message: Cannot connect with indexName chatbot-vectors unless PineconeClientConfig contains projectName and environment
2025-11-05 01:05:12 [main] INFO  o.s.o.j.LocalContainerEntityManagerFactoryBean - Closing JPA EntityManagerFactory for persistence unit 'default'
2025-11-05 01:05:12 [main] INFO  com.zaxxer.hikari.HikariDataSource - HikariPool-1 - Shutdown initiated...
2025-11-05 01:05:12 [main] INFO  com.zaxxer.hikari.HikariDataSource - HikariPool-1 - Shutdown completed.
2025-11-05 01:05:12 [main] INFO  o.a.catalina.core.StandardService - Stopping service [Tomcat]
2025-11-05 01:05:12 [main] INFO  o.s.b.a.l.ConditionEvaluationReportLogger - 

Error starting ApplicationContext. To display the condition evaluation report re-run your application with 'debug' enabled.
2025-11-05 01:05:12 [main] ERROR o.s.boot.SpringApplication - Application run failed
org.springframework.beans.factory.UnsatisfiedDependencyException: Error creating bean with name 'chatController' defined in file [/home/stefan/Documenten/web-development/001chatbot-java-spring-ai/target/classes/com/chatweave/chatbot/controller/ChatController.class]: Unsatisfied dependency expressed through constructor parameter 0: Error creating bean with name 'aiChatbotService' defined in file [/home/stefan/Documenten/web-development/001chatbot-java-spring-ai/target/classes/com/chatweave/chatbot/service/AiChatbotService.class]: Unsatisfied dependency expressed through constructor parameter 1: Error creating bean with name 'vectorStore' defined in class path resource [org/springframework/ai/autoconfigure/vectorstore/pinecone/PineconeVectorStoreAutoConfiguration.class]: Failed to instantiate [org.springframework.ai.vectorstore.PineconeVectorStore]: Factory method 'vectorStore' threw exception with message: Cannot connect with indexName chatbot-vectors unless PineconeClientConfig contains projectName and environment
	at org.springframework.beans.factory.support.ConstructorResolver.createArgumentArray(ConstructorResolver.java:802)
	at org.springframework.beans.factory.support.ConstructorResolver.autowireConstructor(ConstructorResolver.java:241)
	at org.springframework.beans.factory.support.AbstractAutowireCapableBeanFactory.autowireConstructor(AbstractAutowireCapableBeanFactory.java:1356)
	at org.springframework.beans.factory.support.AbstractAutowireCapableBeanFactory.createBeanInstance(AbstractAutowireCapableBeanFactory.java:1193)
	at org.springframework.beans.factory.support.AbstractAutowireCapableBeanFactory.doCreateBean(AbstractAutowireCapableBeanFactory.java:563)
	at org.springframework.beans.factory.support.AbstractAutowireCapableBeanFactory.createBean(AbstractAutowireCapableBeanFactory.java:523)
	at org.springframework.beans.factory.support.AbstractBeanFactory.lambda$doGetBean$0(AbstractBeanFactory.java:325)
	at org.springframework.beans.factory.support.DefaultSingletonBeanRegistry.getSingleton(DefaultSingletonBeanRegistry.java:234)
	at org.springframework.beans.factory.support.AbstractBeanFactory.doGetBean(AbstractBeanFactory.java:323)
	at org.springframework.beans.factory.support.AbstractBeanFactory.getBean(AbstractBeanFactory.java:199)
	at org.springframework.beans.factory.support.DefaultListableBeanFactory.preInstantiateSingletons(DefaultListableBeanFactory.java:973)
	at org.springframework.context.support.AbstractApplicationContext.finishBeanFactoryInitialization(AbstractApplicationContext.java:946)
	at org.springframework.context.support.AbstractApplicationContext.refresh(AbstractApplicationContext.java:616)
	at org.springframework.boot.web.servlet.context.ServletWebServerApplicationContext.refresh(ServletWebServerApplicationContext.java:146)
	at org.springframework.boot.SpringApplication.refresh(SpringApplication.java:753)
	at org.springframework.boot.SpringApplication.refreshContext(SpringApplication.java:455)
	at org.springframework.boot.SpringApplication.run(SpringApplication.java:323)
	at org.springframework.boot.SpringApplication.run(SpringApplication.java:1342)
	at org.springframework.boot.SpringApplication.run(SpringApplication.java:1331)
	at com.chatweave.chatbot.AiChatbotApplication.main(AiChatbotApplication.java:27)
Caused by: org.springframework.beans.factory.UnsatisfiedDependencyException: Error creating bean with name 'aiChatbotService' defined in file [/home/stefan/Documenten/web-development/001chatbot-java-spring-ai/target/classes/com/chatweave/chatbot/service/AiChatbotService.class]: Unsatisfied dependency expressed through constructor parameter 1: Error creating bean with name 'vectorStore' defined in class path resource [org/springframework/ai/autoconfigure/vectorstore/pinecone/PineconeVectorStoreAutoConfiguration.class]: Failed to instantiate [org.springframework.ai.vectorstore.PineconeVectorStore]: Factory method 'vectorStore' threw exception with message: Cannot connect with indexName chatbot-vectors unless PineconeClientConfig contains projectName and environment
	at org.springframework.beans.factory.support.ConstructorResolver.createArgumentArray(ConstructorResolver.java:802)
	at org.springframework.beans.factory.support.ConstructorResolver.autowireConstructor(ConstructorResolver.java:241)
	at org.springframework.beans.factory.support.AbstractAutowireCapableBeanFactory.autowireConstructor(AbstractAutowireCapableBeanFactory.java:1356)
	at org.springframework.beans.factory.support.AbstractAutowireCapableBeanFactory.createBeanInstance(AbstractAutowireCapableBeanFactory.java:1193)
	at org.springframework.beans.factory.support.AbstractAutowireCapableBeanFactory.doCreateBean(AbstractAutowireCapableBeanFactory.java:563)
	at org.springframework.beans.factory.support.AbstractAutowireCapableBeanFactory.createBean(AbstractAutowireCapableBeanFactory.java:523)
	at org.springframework.beans.factory.support.AbstractBeanFactory.lambda$doGetBean$0(AbstractBeanFactory.java:325)
	at org.springframework.beans.factory.support.DefaultSingletonBeanRegistry.getSingleton(DefaultSingletonBeanRegistry.java:234)
	at org.springframework.beans.factory.support.AbstractBeanFactory.doGetBean(AbstractBeanFactory.java:323)
	at org.springframework.beans.factory.support.AbstractBeanFactory.getBean(AbstractBeanFactory.java:199)
	at org.springframework.beans.factory.config.DependencyDescriptor.resolveCandidate(DependencyDescriptor.java:254)
	at org.springframework.beans.factory.support.DefaultListableBeanFactory.doResolveDependency(DefaultListableBeanFactory.java:1441)
	at org.springframework.beans.factory.support.DefaultListableBeanFactory.resolveDependency(DefaultListableBeanFactory.java:1348)
	at org.springframework.beans.factory.support.ConstructorResolver.resolveAutowiredArgument(ConstructorResolver.java:911)
	at org.springframework.beans.factory.support.ConstructorResolver.createArgumentArray(ConstructorResolver.java:789)
	... 19 common frames omitted
Caused by: org.springframework.beans.factory.BeanCreationException: Error creating bean with name 'vectorStore' defined in class path resource [org/springframework/ai/autoconfigure/vectorstore/pinecone/PineconeVectorStoreAutoConfiguration.class]: Failed to instantiate [org.springframework.ai.vectorstore.PineconeVectorStore]: Factory method 'vectorStore' threw exception with message: Cannot connect with indexName chatbot-vectors unless PineconeClientConfig contains projectName and environment
	at org.springframework.beans.factory.support.ConstructorResolver.instantiate(ConstructorResolver.java:655)
	at org.springframework.beans.factory.support.ConstructorResolver.instantiateUsingFactoryMethod(ConstructorResolver.java:643)
	at org.springframework.beans.factory.support.AbstractAutowireCapableBeanFactory.instantiateUsingFactoryMethod(AbstractAutowireCapableBeanFactory.java:1336)
	at org.springframework.beans.factory.support.AbstractAutowireCapableBeanFactory.createBeanInstance(AbstractAutowireCapableBeanFactory.java:1166)
	at org.springframework.beans.factory.support.AbstractAutowireCapableBeanFactory.doCreateBean(AbstractAutowireCapableBeanFactory.java:563)
	at org.springframework.beans.factory.support.AbstractAutowireCapableBeanFactory.createBean(AbstractAutowireCapableBeanFactory.java:523)
	at org.springframework.beans.factory.support.AbstractBeanFactory.lambda$doGetBean$0(AbstractBeanFactory.java:325)
	at org.springframework.beans.factory.support.DefaultSingletonBeanRegistry.getSingleton(DefaultSingletonBeanRegistry.java:234)
	at org.springframework.beans.factory.support.AbstractBeanFactory.doGetBean(AbstractBeanFactory.java:323)
	at org.springframework.beans.factory.support.AbstractBeanFactory.getBean(AbstractBeanFactory.java:199)
	at org.springframework.beans.factory.config.DependencyDescriptor.resolveCandidate(DependencyDescriptor.java:254)
	at org.springframework.beans.factory.support.DefaultListableBeanFactory.doResolveDependency(DefaultListableBeanFactory.java:1441)
	at org.springframework.beans.factory.support.DefaultListableBeanFactory.resolveDependency(DefaultListableBeanFactory.java:1348)
	at org.springframework.beans.factory.support.ConstructorResolver.resolveAutowiredArgument(ConstructorResolver.java:911)
	at org.springframework.beans.factory.support.ConstructorResolver.createArgumentArray(ConstructorResolver.java:789)
	... 33 common frames omitted
Caused by: org.springframework.beans.BeanInstantiationException: Failed to instantiate [org.springframework.ai.vectorstore.PineconeVectorStore]: Factory method 'vectorStore' threw exception with message: Cannot connect with indexName chatbot-vectors unless PineconeClientConfig contains projectName and environment
	at org.springframework.beans.factory.support.SimpleInstantiationStrategy.instantiate(SimpleInstantiationStrategy.java:178)
	at org.springframework.beans.factory.support.ConstructorResolver.instantiate(ConstructorResolver.java:651)
	... 47 common frames omitted
Caused by: io.pinecone.exceptions.PineconeValidationException: Cannot connect with indexName chatbot-vectors unless PineconeClientConfig contains projectName and environment
	at io.pinecone.PineconeConnection.validateConfigs(PineconeConnection.java:147)
	at io.pinecone.PineconeConnection.<init>(PineconeConnection.java:42)
	at io.pinecone.PineconeClient.connect(PineconeClient.java:39)
	at org.springframework.ai.vectorstore.PineconeVectorStore.<init>(PineconeVectorStore.java:116)
	at org.springframework.ai.autoconfigure.vectorstore.pinecone.PineconeVectorStoreAutoConfiguration.vectorStore(PineconeVectorStoreAutoConfiguration.java:71)
	at java.base/jdk.internal.reflect.DirectMethodHandleAccessor.invoke(DirectMethodHandleAccessor.java:104)
	at java.base/java.lang.reflect.Method.invoke(Method.java:565)
	at org.springframework.beans.factory.support.SimpleInstantiationStrategy.instantiate(SimpleInstantiationStrategy.java:140)
	... 48 common frames omitted
2025-11-05 01:06:28 [main] INFO  c.c.chatbot.AiChatbotApplication - Starting AiChatbotApplication using Java 25 with PID 24063 (/home/stefan/Documenten/web-development/001chatbot-java-spring-ai/target/classes started by stefan in /home/stefan/Documenten/web-development/001chatbot-java-spring-ai)
2025-11-05 01:06:28 [main] DEBUG c.c.chatbot.AiChatbotApplication - Running with Spring Boot v3.2.0, Spring v6.1.1
2025-11-05 01:06:28 [main] INFO  c.c.chatbot.AiChatbotApplication - No active profile set, falling back to 1 default profile: "default"
2025-11-05 01:06:29 [main] INFO  o.s.d.r.c.RepositoryConfigurationDelegate - Bootstrapping Spring Data JPA repositories in DEFAULT mode.
2025-11-05 01:06:29 [main] INFO  o.s.d.r.c.RepositoryConfigurationDelegate - Finished Spring Data repository scanning in 134 ms. Found 4 JPA repository interfaces.
2025-11-05 01:06:30 [main] INFO  o.s.b.w.e.tomcat.TomcatWebServer - Tomcat initialized with port 8080 (http)
2025-11-05 01:06:30 [main] INFO  o.a.catalina.core.StandardService - Starting service [Tomcat]
2025-11-05 01:06:30 [main] INFO  o.a.catalina.core.StandardEngine - Starting Servlet engine: [Apache Tomcat/10.1.16]
2025-11-05 01:06:30 [main] INFO  o.a.c.c.C.[Tomcat].[localhost].[/] - Initializing Spring embedded WebApplicationContext
2025-11-05 01:06:30 [main] INFO  o.s.b.w.s.c.ServletWebServerApplicationContext - Root WebApplicationContext: initialization completed in 1643 ms
2025-11-05 01:06:30 [main] INFO  com.zaxxer.hikari.HikariDataSource - HikariPool-1 - Starting...
2025-11-05 01:06:30 [main] INFO  com.zaxxer.hikari.pool.HikariPool - HikariPool-1 - Added connection conn0: url=jdbc:h2:mem:chatbotdb user=SA
2025-11-05 01:06:30 [main] INFO  com.zaxxer.hikari.HikariDataSource - HikariPool-1 - Start completed.
2025-11-05 01:06:30 [main] INFO  o.s.b.a.h.H2ConsoleAutoConfiguration - H2 console available at '/h2-console'. Database available at 'jdbc:h2:mem:chatbotdb'
2025-11-05 01:06:31 [main] INFO  o.h.jpa.internal.util.LogHelper - HHH000204: Processing PersistenceUnitInfo [name: default]
2025-11-05 01:06:31 [main] INFO  org.hibernate.Version - HHH000412: Hibernate ORM core version 6.3.1.Final
2025-11-05 01:06:31 [main] INFO  o.h.c.i.RegionFactoryInitiator - HHH000026: Second-level cache disabled
2025-11-05 01:06:31 [main] INFO  o.s.o.j.p.SpringPersistenceUnitInfo - No LoadTimeWeaver setup: ignoring JPA class transformer
2025-11-05 01:06:32 [main] INFO  o.h.e.t.j.p.i.JtaPlatformInitiator - HHH000489: No JTA platform available (set 'hibernate.transaction.jta.platform' to enable JTA platform integration)
2025-11-05 01:06:32 [main] INFO  o.s.o.j.LocalContainerEntityManagerFactoryBean - Initialized JPA EntityManagerFactory for persistence unit 'default'
2025-11-05 01:06:33 [main] INFO  o.s.d.j.r.query.QueryEnhancerFactory - Hibernate is in classpath; If applicable, HQL parser will be used.
2025-11-05 01:06:33 [main] WARN  o.s.b.a.o.j.JpaBaseConfiguration$JpaWebConfiguration - spring.jpa.open-in-view is enabled by default. Therefore, database queries may be performed during view rendering. Explicitly configure spring.jpa.open-in-view to disable this warning
2025-11-05 01:06:33 [main] INFO  o.s.b.a.w.s.WelcomePageHandlerMapping - Adding welcome page template: index
2025-11-05 01:06:34 [main] INFO  o.s.s.web.DefaultSecurityFilterChain - Will secure any request with [org.springframework.security.web.session.DisableEncodeUrlFilter@2e00032d, org.springframework.security.web.context.request.async.WebAsyncManagerIntegrationFilter@3934574f, org.springframework.security.web.context.SecurityContextHolderFilter@62c63900, org.springframework.security.web.header.HeaderWriterFilter@343a8b18, org.springframework.web.filter.CorsFilter@26338386, org.springframework.security.web.csrf.CsrfFilter@2432c72c, org.springframework.security.web.authentication.logout.LogoutFilter@389d371a, org.springframework.security.web.authentication.UsernamePasswordAuthenticationFilter@4f141a7, org.springframework.security.web.authentication.ui.DefaultLoginPageGeneratingFilter@4cdc1d81, org.springframework.security.web.authentication.ui.DefaultLogoutPageGeneratingFilter@3e8a1137, org.springframework.security.web.authentication.www.BasicAuthenticationFilter@3c3562c0, org.springframework.security.web.savedrequest.RequestCacheAwareFilter@4daf3b31, org.springframework.security.web.servletapi.SecurityContextHolderAwareRequestFilter@332815a3, org.springframework.security.web.authentication.AnonymousAuthenticationFilter@103d64a0, org.springframework.security.web.access.ExceptionTranslationFilter@17a364, org.springframework.security.web.access.intercept.AuthorizationFilter@4de6c6b9]
2025-11-05 01:06:34 [main] INFO  o.s.b.w.e.tomcat.TomcatWebServer - Tomcat started on port 8080 (http) with context path ''
2025-11-05 01:06:34 [main] INFO  c.c.chatbot.AiChatbotApplication - Started AiChatbotApplication in 6.16 seconds (process running for 6.479)
2025-11-05 01:06:40 [SpringApplicationShutdownHook] INFO  o.s.o.j.LocalContainerEntityManagerFactoryBean - Closing JPA EntityManagerFactory for persistence unit 'default'
2025-11-05 01:06:40 [SpringApplicationShutdownHook] INFO  com.zaxxer.hikari.HikariDataSource - HikariPool-1 - Shutdown initiated...
2025-11-05 01:06:40 [SpringApplicationShutdownHook] INFO  com.zaxxer.hikari.HikariDataSource - HikariPool-1 - Shutdown completed.
